> Task :preBuild UP-TO-DATE
> Task :preDebugBuild UP-TO-DATE
> Task :mergeDebugNativeDebugMetadata NO-SOURCE
> Task :checkKotlinGradlePluginConfigurationErrors
> Task :generateDebugBuildConfig UP-TO-DATE
> Task :checkDebugAarMetadata UP-TO-DATE
> Task :generateDebugResValues UP-TO-DATE
> Task :mapDebugSourceSetPaths UP-TO-DATE
> Task :generateDebugResources UP-TO-DATE
> Task :mergeDebugResources UP-TO-DATE
> Task :packageDebugResources UP-TO-DATE
> Task :parseDebugLocalResources UP-TO-DATE
> Task :createDebugCompatibleScreenManifests UP-TO-DATE
> Task :extractDeepLinksDebug UP-TO-DATE
> Task :processDebugMainManifest UP-TO-DATE
> Task :processDebugManifest UP-TO-DATE
> Task :processDebugManifestForPackage UP-TO-DATE
> Task :processDebugResources UP-TO-DATE
> Task :javaPreCompileDebug UP-TO-DATE
> Task :mergeDebugShaders UP-TO-DATE
> Task :compileDebugShaders NO-SOURCE
> Task :generateDebugAssets UP-TO-DATE
> Task :mergeDebugAssets UP-TO-DATE
> Task :compressDebugAssets UP-TO-DATE
> Task :desugarDebugFileDependencies UP-TO-DATE
> Task :checkDebugDuplicateClasses UP-TO-DATE
> Task :mergeExtDexDebug UP-TO-DATE
> Task :mergeLibDexDebug UP-TO-DATE
> Task :mergeDebugJniLibFolders UP-TO-DATE
> Task :mergeDebugNativeLibs UP-TO-DATE
> Task :stripDebugDebugSymbols UP-TO-DATE
> Task :validateSigningDebug UP-TO-DATE
> Task :writeDebugAppMetadata UP-TO-DATE
> Task :writeDebugSigningConfigVersions UP-TO-DATE

> Task :kspDebugKotlin FAILED
e: file:///C:/Users/User/Desktop/Truva/src/main/kotlin/com/truva/sandbox/patcher/ApkBuilder.kt:823:2 Expecting '}'
e: file:///C:/Users/User/Desktop/Truva/src/main/kotlin/com/truva/sandbox/patcher/ApkBuilder.kt:823:2 Expecting 'catch' or 'finally'
e: file:///C:/Users/User/Desktop/Truva/src/main/kotlin/com/truva/sandbox/patcher/ApkBuilder.kt:823:2 Missing '}

FAILURE: Build failed with an exception.

* What went wrong:
Execution failed for task ':kspDebugKotlin'.
> A failure occurred while executing org.jetbrains.kotlin.compilerRunner.GradleCompilerRunnerWithWorkers$GradleKotlinCompilerWorkAction
   > Compilation error. See log for more details

* Try:
> Run with --stacktrace option to get the stack trace.
> Run with --info or --debug option to get more log output.
> Run with --scan to get full insights.
> Get more help at https://help.gradle.org.

BUİLD FAILED in 2s
29 actionable tasks: 2 executed, 27 up-to-date
